// Jest Snapshot v1, https://goo.gl/fbAQLP

exports[`creates a modal component 1`] = `null`;

exports[`creates a modal component with visibility false 1`] = `null`;
